"hello|world","hello","world","tomorrow"
"goodnight|moon","goodnight","moon","tonight"
"a|b","a","b","c"
"goodnight|new york","goodnight","new york","always"
